ex1.h:6:6:ex1	8	static
ex2.h:6:6:ex2	8	static
ex4.h:21:6:display7SEG	16	static
ex4.h:118:6:ex4	8	static
ex5.h:29:6:display7SEG_2	16	static
ex5.h:125:6:ex5	8	static
ex6.h:8:6:ex6	16	static
ex7.h:7:6:clearAllClock	16	static
ex8.h:4:6:setNumberOnClock	16	static
ex9.h:4:7:clearNumberOnClock	16	static
ex10.h:9:6:ex10_init	8	static
ex10.h:13:6:ex10	8	static
main.c:73:5:main	8	static
main.c:118:6:SystemClock_Config	72	static
main.c:154:13:MX_GPIO_Init	32	static
main.c:201:6:Error_Handler	4	static,ignoring_inline_asm
